#-----------------------------------------------------------
# Webtalk v2020.1 (64-bit)
# SW Build 2902540 on Wed May 27 19:54:35 MDT 2020
# IP Build 2902112 on Wed May 27 22:43:36 MDT 2020
# Start of session at: Fri Sep 11 23:06:40 2020
# Process ID: 1949066
# Current directory: /home/jacob/Documents/NewIP/ILI9341StreamLCD/edit_ILI9341StreamLCD_v1_0.sim/sim_1/behav/xsim
# Command line: wbtcv -mode batch -source /home/jacob/Documents/NewIP/ILI9341StreamLCD/edit_ILI9341StreamLCD_v1_0.sim/sim_1/behav/xsim/xsim.dir/tb_DisplayControl_behav/webtalk/xsim_webtalk.tcl -notrace
# Log file: /home/jacob/Documents/NewIP/ILI9341StreamLCD/edit_ILI9341StreamLCD_v1_0.sim/sim_1/behav/xsim/webtalk.log
# Journal file: /home/jacob/Documents/NewIP/ILI9341StreamLCD/edit_ILI9341StreamLCD_v1_0.sim/sim_1/behav/xsim/webtalk.jou
#-----------------------------------------------------------
source /home/jacob/Documents/NewIP/ILI9341StreamLCD/edit_ILI9341StreamLCD_v1_0.sim/sim_1/behav/xsim/xsim.dir/tb_DisplayControl_behav/webtalk/xsim_webtalk.tcl -notrace
